Archive member included to satisfy reference by file (symbol)

e:/hampota/courses/embeded/arm sdk 64/imt_sdk_win_64/winarm/armgcc/bin/../lib/gcc/arm-none-eabi/7.2.1/../../../../arm-none-eabi/lib/thumb/v7-m\libg_nano.a(lib_a-errno.o)
                              ./system/src/newlib/_sbrk.o (__errno)
e:/hampota/courses/embeded/arm sdk 64/imt_sdk_win_64/winarm/armgcc/bin/../lib/gcc/arm-none-eabi/7.2.1/../../../../arm-none-eabi/lib/thumb/v7-m\libg_nano.a(lib_a-impure.o)
                              e:/hampota/courses/embeded/arm sdk 64/imt_sdk_win_64/winarm/armgcc/bin/../lib/gcc/arm-none-eabi/7.2.1/../../../../arm-none-eabi/lib/thumb/v7-m\libg_nano.a(lib_a-errno.o) (_impure_ptr)
e:/hampota/courses/embeded/arm sdk 64/imt_sdk_win_64/winarm/armgcc/bin/../lib/gcc/arm-none-eabi/7.2.1/../../../../arm-none-eabi/lib/thumb/v7-m\libg_nano.a(lib_a-strlen.o)
                              ./system/src/diag/Trace.o (strlen)
e:/hampota/courses/embeded/arm sdk 64/imt_sdk_win_64/winarm/armgcc/bin/../lib/gcc/arm-none-eabi/7.2.1/../../../../arm-none-eabi/lib/thumb/v7-m\libg_nano.a(lib_a-vsnprintf.o)
                              ./system/src/diag/Trace.o (vsnprintf)
e:/hampota/courses/embeded/arm sdk 64/imt_sdk_win_64/winarm/armgcc/bin/../lib/gcc/arm-none-eabi/7.2.1/../../../../arm-none-eabi/lib/thumb/v7-m\libg_nano.a(lib_a-nano-svfprintf.o)
                              e:/hampota/courses/embeded/arm sdk 64/imt_sdk_win_64/winarm/armgcc/bin/../lib/gcc/arm-none-eabi/7.2.1/../../../../arm-none-eabi/lib/thumb/v7-m\libg_nano.a(lib_a-vsnprintf.o) (_svfprintf_r)
e:/hampota/courses/embeded/arm sdk 64/imt_sdk_win_64/winarm/armgcc/bin/../lib/gcc/arm-none-eabi/7.2.1/../../../../arm-none-eabi/lib/thumb/v7-m\libg_nano.a(lib_a-nano-vfprintf_i.o)
                              e:/hampota/courses/embeded/arm sdk 64/imt_sdk_win_64/winarm/armgcc/bin/../lib/gcc/arm-none-eabi/7.2.1/../../../../arm-none-eabi/lib/thumb/v7-m\libg_nano.a(lib_a-nano-svfprintf.o) (_printf_i)
e:/hampota/courses/embeded/arm sdk 64/imt_sdk_win_64/winarm/armgcc/bin/../lib/gcc/arm-none-eabi/7.2.1/../../../../arm-none-eabi/lib/thumb/v7-m\libg_nano.a(lib_a-memchr-stub.o)
                              e:/hampota/courses/embeded/arm sdk 64/imt_sdk_win_64/winarm/armgcc/bin/../lib/gcc/arm-none-eabi/7.2.1/../../../../arm-none-eabi/lib/thumb/v7-m\libg_nano.a(lib_a-nano-svfprintf.o) (memchr)
e:/hampota/courses/embeded/arm sdk 64/imt_sdk_win_64/winarm/armgcc/bin/../lib/gcc/arm-none-eabi/7.2.1/../../../../arm-none-eabi/lib/thumb/v7-m\libg_nano.a(lib_a-memcpy-stub.o)
                              e:/hampota/courses/embeded/arm sdk 64/imt_sdk_win_64/winarm/armgcc/bin/../lib/gcc/arm-none-eabi/7.2.1/../../../../arm-none-eabi/lib/thumb/v7-m\libg_nano.a(lib_a-nano-svfprintf.o) (memcpy)
e:/hampota/courses/embeded/arm sdk 64/imt_sdk_win_64/winarm/armgcc/bin/../lib/gcc/arm-none-eabi/7.2.1/../../../../arm-none-eabi/lib/thumb/v7-m\libg_nano.a(lib_a-memmove.o)
                              e:/hampota/courses/embeded/arm sdk 64/imt_sdk_win_64/winarm/armgcc/bin/../lib/gcc/arm-none-eabi/7.2.1/../../../../arm-none-eabi/lib/thumb/v7-m\libg_nano.a(lib_a-nano-svfprintf.o) (memmove)
e:/hampota/courses/embeded/arm sdk 64/imt_sdk_win_64/winarm/armgcc/bin/../lib/gcc/arm-none-eabi/7.2.1/../../../../arm-none-eabi/lib/thumb/v7-m\libg_nano.a(lib_a-nano-freer.o)
                              e:/hampota/courses/embeded/arm sdk 64/imt_sdk_win_64/winarm/armgcc/bin/../lib/gcc/arm-none-eabi/7.2.1/../../../../arm-none-eabi/lib/thumb/v7-m\libg_nano.a(lib_a-nano-svfprintf.o) (_free_r)
e:/hampota/courses/embeded/arm sdk 64/imt_sdk_win_64/winarm/armgcc/bin/../lib/gcc/arm-none-eabi/7.2.1/../../../../arm-none-eabi/lib/thumb/v7-m\libg_nano.a(lib_a-nano-mallocr.o)
                              e:/hampota/courses/embeded/arm sdk 64/imt_sdk_win_64/winarm/armgcc/bin/../lib/gcc/arm-none-eabi/7.2.1/../../../../arm-none-eabi/lib/thumb/v7-m\libg_nano.a(lib_a-nano-svfprintf.o) (_malloc_r)
e:/hampota/courses/embeded/arm sdk 64/imt_sdk_win_64/winarm/armgcc/bin/../lib/gcc/arm-none-eabi/7.2.1/../../../../arm-none-eabi/lib/thumb/v7-m\libg_nano.a(lib_a-nano-reallocr.o)
                              e:/hampota/courses/embeded/arm sdk 64/imt_sdk_win_64/winarm/armgcc/bin/../lib/gcc/arm-none-eabi/7.2.1/../../../../arm-none-eabi/lib/thumb/v7-m\libg_nano.a(lib_a-nano-svfprintf.o) (_realloc_r)
e:/hampota/courses/embeded/arm sdk 64/imt_sdk_win_64/winarm/armgcc/bin/../lib/gcc/arm-none-eabi/7.2.1/../../../../arm-none-eabi/lib/thumb/v7-m\libg_nano.a(lib_a-sbrkr.o)
                              e:/hampota/courses/embeded/arm sdk 64/imt_sdk_win_64/winarm/armgcc/bin/../lib/gcc/arm-none-eabi/7.2.1/../../../../arm-none-eabi/lib/thumb/v7-m\libg_nano.a(lib_a-nano-mallocr.o) (_sbrk_r)
e:/hampota/courses/embeded/arm sdk 64/imt_sdk_win_64/winarm/armgcc/bin/../lib/gcc/arm-none-eabi/7.2.1/../../../../arm-none-eabi/lib/thumb/v7-m\libg_nano.a(lib_a-mlock.o)
[...]
Memory Configuration

Name             Origin             Length             Attributes
RAM              0x20000000         0x00005000         xrw
CCMRAM           0x00000000         0x00000000         xrw
FLASH            0x08000000         0x00010000         xr
FLASHB1          0x00000000         0x00000000         xr
EXTMEMB0         0x00000000         0x00000000         xr
EXTMEMB1         0x00000000         0x00000000         xr
EXTMEMB2         0x00000000         0x00000000         xr
EXTMEMB3         0x00000000         0x00000000         xr
MEMORY_ARRAY     0x00000000         0x00000000         xrw
*default*        0x00000000         0xffffffff

Linker script and memory map

LOAD ./system/src/stm32f1-stdperiph/misc.o
LOAD ./system/src/stm32f1-stdperiph/stm32f10x_gpio.o
LOAD ./system/src/stm32f1-stdperiph/stm32f10x_rcc.o
LOAD ./system/src/newlib/_cxx.o
LOAD ./system/src/newlib/_exit.o
LOAD ./system/src/newlib/_sbrk.o
LOAD ./system/src/newlib/_startup.o
LOAD ./system/src/newlib/_syscalls.o
LOAD ./system/src/newlib/assert.o
LOAD ./system/src/diag/Trace.o
LOAD ./system/src/diag/trace_impl.o
LOAD ./system/src/cortexm/_initialize_hardware.o
LOAD ./system/src/cortexm/_reset_hardware.o
LOAD ./system/src/cortexm/exception_handlers.o
LOAD ./system/src/cmsis/system_stm32f10x.o
LOAD ./system/src/cmsis/vectors_stm32f10x.o
LOAD ./src/HLCD_program.o
LOAD ./src/MBACKUP_Registers_program.o
LOAD ./src/MDIO_program.o
LOAD ./src/MNVK_program.o
LOAD ./src/MPOWER_CONTROL_PROGRAM.o
LOAD ./src/MRCC_program.o
LOAD ./src/MRTC_PROGRAM.o
LOAD ./src/main.o
LOAD e:/hampota/courses/embeded/arm sdk 64/imt_sdk_win_64/winarm/armgcc/bin/../lib/gcc/arm-none-eabi/7.2.1/../../../../arm-none-eabi/lib/thumb/v7-m\libstdc++_nano.a
LOAD e:/hampota/courses/embeded/arm sdk 64/imt_sdk_win_64/winarm/armgcc/bin/../lib/gcc/arm-none-eabi/7.2.1/../../../../arm-none-eabi/lib/thumb/v7-m\libm.a
START GROUP
LOAD e:/hampota/courses/embeded/arm sdk 64/imt_sdk_win_64/winarm/armgcc/bin/../lib/gcc/arm-none-eabi/7.2.1/thumb/v7-m\libgcc.a
LOAD e:/hampota/courses/embeded/arm sdk 64/imt_sdk_win_64/winarm/armgcc/bin/../lib/gcc/arm-none-eabi/7.2.1/../../../../arm-none-eabi/lib/thumb/v7-m\libg_nano.a
LOAD e:/hampota/courses/embeded/arm sdk 64/imt_sdk_win_64/winarm/armgcc/bin/../lib/gcc/arm-none-eabi/7.2.1/../../../../arm-none-eabi/lib/thumb/v7-m\libc_nano.a
END GROUP
START GROUP
LOAD e:/hampota/courses/embeded/arm sdk 64/imt_sdk_win_64/winarm/armgcc/bin/../lib/gcc/arm-none-eabi/7.2.1/thumb/v7-m\libgcc.a
LOAD e:/hampota/courses/embeded/arm sdk 64/imt_sdk_win_64/winarm/armgcc/bin/../lib/gcc/arm-none-eabi/7.2.1/../../../../arm-none-eabi/lib/thumb/v7-m\libc_nano.a
END GROUP
                0x20005000                __stack = (ORIGIN (RAM) + LENGTH (RAM))
                0x20005000                _estack = __stack
                0x00000400                __Main_Stack_Size = 0x400
                [!provide]                PROVIDE (_Main_Stack_Size, __Main_Stack_Size)
                0x20004c00                __Main_Stack_Limit = (__stack - __Main_Stack_Size)
                [!provide]                PROVIDE (_Main_Stack_Limit, __Main_Stack_Limit)
                0x00000100                _Minimum_Stack_Size = 0x100
                0x2000013c                PROVIDE (_Heap_Begin, _end_noinit)
                0x20004c00                PROVIDE (_Heap_Limit, (__stack - __Main_Stack_Size))

.isr_vector     0x08000000      0x350
 FILL mask 0xff
                0x08000000                __vectors_start = ABSOLUTE (.)
                0x08000000                __vectors_start__ = ABSOLUTE (.)
 *(.isr_vector)
 .isr_vector    0x08000000      0x10c ./system/src/cmsis/vectors_stm32f10x.o
                0x08000000                __isr_vectors
 *(.cfmconfig)
 *(.after_vectors .after_vectors.*)
 .after_vectors
                0x0800010c      0x114 ./system/src/newlib/_startup.o
                0x0800010c                _start
 .after_vectors
                0x08000220      0x12c ./system/src/cortexm/exception_handlers.o
                0x08000220                Reset_Handler
                0x08000226                NMI_Handler
                0x0800022a                HardFault_Handler
                0x0800023e                HardFault_Handler_C
                0x0800029c                MemManage_Handler
                0x080002a0                BusFault_Handler
                0x080002b4                BusFault_Handler_C
                0x080002e8                UsageFault_Handler
                0x080002fc                UsageFault_Handler_C
                0x08000330                SVC_Handler
                0x08000334                DebugMon_Handler
                0x08000338                PendSV_Handler
                0x0800033c                SysTick_Handler
 .after_vectors
                0x0800034c        0x4 ./system/src/cmsis/vectors_stm32f10x.o
                0x0800034c                EXTI2_IRQHandler
                0x0800034c                TIM8_TRG_COM_IRQHandler
                0x0800034c                TIM8_CC_IRQHandler
                0x0800034c                TIM1_CC_IRQHandler
                0x0800034c                TIM6_IRQHandler
                0x0800034c                PVD_IRQHandler
                0x0800034c                SDIO_IRQHandler
                0x0800034c                CAN2_RX1_IRQHandler
                0x0800034c                EXTI3_IRQHandler
                0x0800034c                TIM8_TRG_COM_TIM14_IRQHandler
                0x0800034c                TIM1_UP_TIM10_IRQHandler
                0x0800034c                TIM8_UP_TIM13_IRQHandler
                0x0800034c                EXTI0_IRQHandler
                0x0800034c                I2C2_EV_IRQHandler
                0x0800034c                CAN1_RX0_IRQHandler
                0x0800034c                TIM1_UP_TIM16_IRQHandler
                0x0800034c                CAN2_SCE_IRQHandler
                0x0800034c                ADC1_2_IRQHandler
                0x0800034c                SPI1_IRQHandler
                0x0800034c                TAMPER_IRQHandler
                0x0800034c                TIM6_DAC_IRQHandler
                0x0800034c                TIM1_BRK_TIM9_IRQHandler
                0x0800034c                CAN2_RX0_IRQHandler
                0x0800034c                TIM8_UP_IRQHandler
                0x0800034c                DMA2_Channel2_IRQHandler
                0x0800034c                DMA1_Channel4_IRQHandler
                0x0800034c                USART3_IRQHandler
                0x0800034c                DMA1_Channel7_IRQHandler
                0x0800034c                CAN1_RX1_IRQHandler
                0x0800034c                UART5_IRQHandler
                0x0800034c                ADC3_IRQHandler
                0x0800034c                TIM4_IRQHandler
                0x0800034c                DMA2_Channel1_IRQHandler
                0x0800034c                I2C1_EV_IRQHandler
                0x0800034c                DMA1_Channel6_IRQHandler
                0x0800034c                UART4_IRQHandler
                0x0800034c                DMA2_Channel4_IRQHandler
                0x0800034c                TIM3_IRQHandler
                0x0800034c                RCC_IRQHandler
                0x0800034c                TIM8_BRK_TIM12_IRQHandler
                0x0800034c                TIM1_TRG_COM_IRQHandler
                0x0800034c                DMA1_Channel1_IRQHandler
                0x0800034c                Default_Handler
                0x0800034c                CEC_IRQHandler
                0x0800034c                EXTI15_10_IRQHandler
                0x0800034c                TIM14_IRQHandler
                0x0800034c                TIM13_IRQHandler
                0x0800034c                TIM12_IRQHandler
                0x0800034c                TIM7_IRQHandler
                0x0800034c                CAN2_TX_IRQHandler
                0x0800034c                TIM5_IRQHandler
                0x0800034c                EXTI9_5_IRQHandler
                0x0800034c                ETH_WKUP_IRQHandler
                0x0800034c                SPI2_IRQHandler
                0x0800034c                CAN1_TX_IRQHandler
                0x0800034c                DMA2_Channel5_IRQHandler
                0x0800034c                DMA1_Channel5_IRQHandler
                0x0800034c                EXTI4_IRQHandler
                0x0800034c                USB_LP_CAN1_RX0_IRQHandler
                0x0800034c                TIM1_TRG_COM_TIM17_IRQHandler
                0x0800034c                USB_HP_CAN1_TX_IRQHandler
                0x0800034c                DMA1_Channel3_IRQHandler
                0x0800034c                FSMC_IRQHandler
                0x0800034c                ETH_IRQHandler
                0x0800034c                TIM1_UP_IRQHandler
                0x0800034c                WWDG_IRQHandler
                0x0800034c                TIM2_IRQHandler
                0x0800034c                OTG_FS_WKUP_IRQHandler
                0x0800034c                TIM1_TRG_COM_TIM11_IRQHandler
                0x0800034c                TIM1_BRK_IRQHandler
                0x0800034c                EXTI1_IRQHandler
                0x0800034c                RTCAlarm_IRQHandler
                0x0800034c                DMA2_Channel4_5_IRQHandler
                0x0800034c                USART2_IRQHandler
                0x0800034c                I2C2_ER_IRQHandler
                0x0800034c                DMA1_Channel2_IRQHandler
                0x0800034c                TIM8_BRK_IRQHandler
                0x0800034c                CAN1_SCE_IRQHandler
                0x0800034c                FLASH_IRQHandler
                0x0800034c                USART1_IRQHandler
                0x0800034c                OTG_FS_IRQHandler
                0x0800034c                SPI3_IRQHandler
                0x0800034c                I2C1_ER_IRQHandler
                0x0800034c                USBWakeUp_IRQHandler
                0x0800034c                DMA2_Channel3_IRQHandler
                0x0800034c                TIM1_BRK_TIM15_IRQHandler

.inits          0x08000350       0x28
                0x08000350                __data_regions_array_start = .
                0x08000350        0x4 LONG 0x8001a80 LOADADDR (.data)
                0x08000354        0x4 LONG 0x20000000 ADDR (.data)
                0x08000358        0x4 LONG 0x20000094 (ADDR (.data) + SIZEOF (.data))
                0x0800035c        0x4 LONG 0x8001a80 LOADADDR (.data_CCMRAM)
                0x08000360        0x4 LONG 0x0 ADDR (.data_CCMRAM)
                0x08000364        0x4 LONG 0x0 (ADDR (.data_CCMRAM) + SIZEOF (.data_CCMRAM))
                0x08000368                __data_regions_array_end = .
                0x08000368                __bss_regions_array_start = .
                0x08000368        0x4 LONG 0x20000094 ADDR (.bss)
                0x0800036c        0x4 LONG 0x2000013c (ADDR (.bss) + SIZEOF (.bss))
                0x08000370        0x4 LONG 0x0 ADDR (.bss_CCMRAM)
                0x08000374        0x4 LONG 0x0 (ADDR (.bss_CCMRAM) + SIZEOF (.bss_CCMRAM))
                0x08000378                __bss_regions_array_end = .
 *(.init)
 *(.fini)
                0x08000378                . = ALIGN (0x4)
                0x08000378                PROVIDE (__preinit_array_start, .)
 *(.preinit_array_sysinit .preinit_array_sysinit.*)
 *(.preinit_array_platform .preinit_array_platform.*)
 *(.preinit_array .preinit_array.*)
                0x08000378                PROVIDE (__preinit_array_end, .)
                0x08000378                . = ALIGN (0x4)
                0x08000378                PROVIDE (__init_array_start, .)
 *(SORT_BY_NAME(.init_array.*))
 *(.init_array)
                0x08000378                PROVIDE (__init_array_end, .)
                0x08000378                . = ALIGN (0x4)
                0x08000378                PROVIDE (__fini_array_start, .)
 *(SORT_BY_NAME(.fini_array.*))
 *(.fini_array)
                0x08000378                PROVIDE (__fini_array_end, .)

.flashtext
 *(.flashtext .flashtext.*)

.text           0x08000378     0x1707
 *(.text .text.*)
 .text._exit    0x08000378        0x2 ./system/src/newlib/_exit.o
                0x08000378                _exit
 *fill*         0x0800037a        0x2 
 .text._sbrk    0x0800037c       0x44 ./system/src/newlib/_sbrk.o
                0x0800037c                _sbrk
 .text.__initialize_args
                0x080003c0       0x10 ./system/src/newlib/_syscalls.o
                0x080003c0                __initialize_args
 .text.trace_printf
                0x080003d0       0x30 ./system/src/diag/Trace.o
                0x080003d0                trace_printf
 .text._trace_write_semihosting_debug
                0x08000400       0x60 ./system/src/diag/trace_impl.o
 .text.trace_write
                0x08000460        0x8 ./system/src/diag/trace_impl.o
                0x08000460                trace_write
 .text.__initialize_hardware_early
                0x08000468       0x18 ./system/src/cortexm/_initialize_hardware.o
                0x08000468                __initialize_hardware_early
 .text.__initialize_hardware
                0x08000480        0x8 ./system/src/cortexm/_initialize_hardware.o
                0x08000480                __initialize_hardware
 .text.dumpExceptionStack
                0x08000488       0xf4 ./system/src/cortexm/exception_handlers.o
                0x08000488                dumpExceptionStack
 .text.isSemihosting
                0x0800057c       0x20 ./system/src/cortexm/exception_handlers.o
                0x0800057c                isSemihosting
 .text.SetSysClockTo72
                0x0800059c       0xc4 ./system/src/cmsis/system_stm32f10x.o
 .text.SetSysClock
                0x08000660        0x8 ./system/src/cmsis/system_stm32f10x.o
 .text.SystemInit
                0x08000668       0x50 ./system/src/cmsis/system_stm32f10x.o
                0x08000668                SystemInit
 .text.SystemCoreClockUpdate
                0x080006b8       0x94 ./system/src/cmsis/system_stm32f10x.o
                0x080006b8                SystemCoreClockUpdate
 .text.Delay    0x0800074c       0x26 ./src/HLCD_program.o
                0x0800074c                Delay
 .text.HLCD_Set_Enable
                0x08000772        0xc ./src/HLCD_program.o
                0x08000772                HLCD_Set_Enable
 .text.HLCD_Clear_Enable
                0x0800077e        0xc ./src/HLCD_program.o
                0x0800077e                HLCD_Clear_Enable
 .text.HLCD_Set_Write
                0x0800078a        0xc ./src/HLCD_program.o
                0x0800078a                HLCD_Set_Write
 .text.HLCD_Charachter_Mode
                0x08000796        0xc ./src/HLCD_program.o
                0x08000796                HLCD_Charachter_Mode
 .text.HLCD_Command_Mode
                0x080007a2        0xc ./src/HLCD_program.o
                0x080007a2                HLCD_Command_Mode
 .text.HLCD_Print_Charachter
                0x080007ae       0x28 ./src/HLCD_program.o
                0x080007ae                HLCD_Print_Charachter
 .text.HLCD_Print_Instruction
                0x080007d6       0x28 ./src/HLCD_program.o
                0x080007d6                HLCD_Print_Instruction
 .text.HLCD_Print_String
                0x080007fe       0x18 ./src/HLCD_program.o
                0x080007fe                HLCD_Print_String
 *fill*         0x08000816        0x2 
 .text.HLCD_Print_Number
                0x08000818       0x5c ./src/HLCD_program.o
                0x08000818                HLCD_Print_Number
 .text.HLCD_Set_Position
                0x08000874       0x1e ./src/HLCD_program.o
                0x08000874                HLCD_Set_Position
 .text.HLCD_init
                0x08000892       0x20 ./src/HLCD_program.o
                0x08000892                HLCD_init
 *fill*         0x080008b2        0x2 
 .text.MBACKUP_Set_Data
                0x080008b4        0xc ./src/MBACKUP_Registers_program.o
                0x080008b4                MBACKUP_Set_Data
 .text.MBACKUP_Get_Data
                0x080008c0        0xc ./src/MBACKUP_Registers_program.o
                0x080008c0                MBACKUP_Get_Data
 .text.MDIO_Initialize
                0x080008cc       0x1c ./src/MDIO_program.o
                0x080008cc                MDIO_Initialize
 .text.MDIO_set_pin
                0x080008e8       0x40 ./src/MDIO_program.o
                0x080008e8                MDIO_set_pin
 .text.MDIO_clr_pin
                0x08000928       0x40 ./src/MDIO_program.o
                0x08000928                MDIO_clr_pin
 .text.MDIO_assgin_value
                0x08000968       0x2c ./src/MDIO_program.o
                0x08000968                MDIO_assgin_value
 .text.MNVK_EnableInt
                0x08000994       0x2c ./src/MNVK_program.o
                0x08000994                MNVK_EnableInt
 .text.MPOWER_EnableBackupWriteProtection
                0x080009c0       0x10 ./src/MPOWER_CONTROL_PROGRAM.o
                0x080009c0                MPOWER_EnableBackupWriteProtection
 .text.MPOWER_DisableBackupWriteProtection
                0x080009d0       0x10 ./src/MPOWER_CONTROL_PROGRAM.o
                0x080009d0                MPOWER_DisableBackupWriteProtection
 .text.MRCC_Initialize
                0x080009e0       0x14 ./src/MRCC_program.o
                0x080009e0                MRCC_Initialize
 .text.MRCC_EnableClock
                0x080009f4       0x30 ./src/MRCC_program.o
                0x080009f4                MRCC_EnableClock
 .text.MRCC_Reset_Backup_Domain_Registers
                0x08000a24       0x20 ./src/MRCC_program.o
                0x08000a24                MRCC_Reset_Backup_Domain_Registers
 .text.MRCC_Enable_Low_Speed_External_Clock
                0x08000a44       0x10 ./src/MRCC_program.o
                0x08000a44                MRCC_Enable_Low_Speed_External_Clock
 .text.MRCC_Enable_RTC_clock
                0x08000a54       0x10 ./src/MRCC_program.o
                0x08000a54                MRCC_Enable_RTC_clock
 .text.MRCC_LSE_Ready
                0x08000a64       0x10 ./src/MRCC_program.o
                0x08000a64                MRCC_LSE_Ready
 .text.MRCC_Clock_Source
                0x08000a74       0x50 ./src/MRCC_program.o
                0x08000a74                MRCC_Clock_Source
 .text.MRTC_Get_RTC_Operation_State
                0x08000ac4       0x18 ./src/MRTC_PROGRAM.o
                0x08000ac4                MRTC_Get_RTC_Operation_State
 .text.MRTC_Get_RTC_Synch_State
                0x08000adc       0x18 ./src/MRTC_PROGRAM.o
                0x08000adc                MRTC_Get_RTC_Synch_State
 .text.MRTC_Enable_Interrupt
                0x08000af4       0x38 ./src/MRTC_PROGRAM.o
                0x08000af4                MRTC_Enable_Interrupt
 .text.MRTC_Set_Configuration_Flag
                0x08000b2c       0x10 ./src/MRTC_PROGRAM.o
                0x08000b2c                MRTC_Set_Configuration_Flag
 .text.MRTC_Reset_Configuration_Flag
                0x08000b3c       0x10 ./src/MRTC_PROGRAM.o
                0x08000b3c                MRTC_Reset_Configuration_Flag
 .text.MRTC_Set_Prescaler
                0x08000b4c        0xc ./src/MRTC_PROGRAM.o
                0x08000b4c                MRTC_Set_Prescaler
 .text.MRTC_Set_Counter
                0x08000b58       0x10 ./src/MRTC_PROGRAM.o
                0x08000b58                MRTC_Set_Counter
 .text.MRTC_Get_Counter
                0x08000b68       0x10 ./src/MRTC_PROGRAM.o
                0x08000b68                MRTC_Get_Counter
 .text.MRTC_Get_Second_Interrupt_Flag
                0x08000b78       0x14 ./src/MRTC_PROGRAM.o
                0x08000b78                MRTC_Get_Second_Interrupt_Flag
 .text.MRTC_Second_Interrupt_Clear
                0x08000b8c       0x10 ./src/MRTC_PROGRAM.o
                0x08000b8c                MRTC_Second_Interrupt_Clear
 .text.Delay_ms
                0x08000b9c       0x26 ./src/main.o
                0x08000b9c                Delay_ms
 *fill*         0x08000bc2        0x2 
 .text.check_for_leap_year
                0x08000bc4       0x40 ./src/main.o
                0x08000bc4                check_for_leap_year
 .text.MRTC_Set_RTC
                0x08000c04       0xf8 ./src/main.o
                0x08000c04                MRTC_Set_RTC
 .text.RTC_Init
                0x08000cfc      0x11c ./src/main.o
                0x08000cfc                RTC_Init
 .text.get_RTC  0x08000e18       0xec ./src/main.o
                0x08000e18                get_RTC
 .text.main     0x08000f04      0x14c ./src/main.o
                0x08000f04                main
 .text.RTC_IRQHandler
                0x08001050       0x24 ./src/main.o
                0x08001050                RTC_IRQHandler
 .text.__errno  0x08001074        0xc e:/hampota/courses/embeded/arm sdk 64/imt_sdk_win_64/winarm/armgcc/bin/../lib/gcc/arm-none-eabi/7.2.1/../../../../arm-none-eabi/lib/thumb/v7-m\libg_nano.a(lib_a-errno.o)
                0x08001074                __errno
 .text._vsnprintf_r
                0x08001080       0x58 e:/hampota/courses/embeded/arm sdk 64/imt_sdk_win_64/winarm/armgcc/bin/../lib/gcc/arm-none-eabi/7.2.1/../../../../arm-none-eabi/lib/thumb/v7-m\libg_nano.a(lib_a-vsnprintf.o)
                0x08001080                _vsniprintf_r
                0x08001080                _vsnprintf_r
 .text.vsnprintf
                0x080010d8       0x1c e:/hampota/courses/embeded/arm sdk 64/imt_sdk_win_64/winarm/armgcc/bin/../lib/gcc/arm-none-eabi/7.2.1/../../../../arm-none-eabi/lib/thumb/v7-m\libg_nano.a(lib_a-vsnprintf.o)
                0x080010d8                vsniprintf
                0x080010d8                vsnprintf
 .text.__ssputs_r
                0x080010f4       0xb4 e:/hampota/courses/embeded/arm sdk 64/imt_sdk_win_64/winarm/armgcc/bin/../lib/gcc/arm-none-eabi/7.2.1/../../../../arm-none-eabi/lib/thumb/v7-m\libg_nano.a(lib_a-nano-svfprintf.o)
                0x080010f4                __ssputs_r
 .text._svfprintf_r
                0x080011a8      0x1ec e:/hampota/courses/embeded/arm sdk 64/imt_sdk_win_64/winarm/armgcc/bin/../lib/gcc/arm-none-eabi/7.2.1/../../../../arm-none-eabi/lib/thumb/v7-m\libg_nano.a(lib_a-nano-svfprintf.o)
                0x080011a8                _svfiprintf_r
                0x080011a8                _svfprintf_r
 .text._printf_common
                0x08001394       0xec e:/hampota/courses/embeded/arm sdk 64/imt_sdk_win_64/winarm/armgcc/bin/../lib/gcc/arm-none-eabi/7.2.1/../../../../arm-none-eabi/lib/thumb/v7-m\libg_nano.a(lib_a-nano-vfprintf_i.o)
                0x08001394                _printf_common
 .text._printf_i
                0x08001480      0x224 e:/hampota/courses/embeded/arm sdk 64/imt_sdk_win_64/winarm/armgcc/bin/../lib/gcc/arm-none-eabi/7.2.1/../../../../arm-none-eabi/lib/thumb/v7-m\libg_nano.a(lib_a-nano-vfprintf_i.o)
                0x08001480                _printf_i
 .text.memchr   0x080016a4       0x1c e:/hampota/courses/embeded/arm sdk 64/imt_sdk_win_64/winarm/armgcc/bin/../lib/gcc/arm-none-eabi/7.2.1/../../../../arm-none-eabi/lib/thumb/v7-m\libg_nano.a(lib_a-memchr-stub.o)
                0x080016a4                memchr
 .text.memcpy   0x080016c0       0x16 e:/hampota/courses/embeded/arm sdk 64/imt_sdk_win_64/winarm/armgcc/bin/../lib/gcc/arm-none-eabi/7.2.1/../../../../arm-none-eabi/lib/thumb/v7-m\libg_nano.a(lib_a-memcpy-stub.o)
                0x080016c0                memcpy
 .text.memmove  0x080016d6       0x32 e:/hampota/courses/embeded/arm sdk 64/imt_sdk_win_64/winarm/armgcc/bin/../lib/gcc/arm-none-eabi/7.2.1/../../../../arm-none-eabi/lib/thumb/v7-m\libg_nano.a(lib_a-memmove.o)
                0x080016d6                memmove
 .text._free_r  0x08001708       0x98 e:/hampota/courses/embeded/arm sdk 64/imt_sdk_win_64/winarm/armgcc/bin/../lib/gcc/arm-none-eabi/7.2.1/../../../../arm-none-eabi/lib/thumb/v7-m\libg_nano.a(lib_a-nano-freer.o)
                0x08001708                _free_r
 .text._malloc_r
                0x080017a0       0xb4 e:/hampota/courses/embeded/arm sdk 64/imt_sdk_win_64/winarm/armgcc/bin/../lib/gcc/arm-none-eabi/7.2.1/../../../../arm-none-eabi/lib/thumb/v7-m\libg_nano.a(lib_a-nano-mallocr.o)
                0x080017a0                _malloc_r
 .text._realloc_r
                0x08001854       0x4c e:/hampota/courses/embeded/arm sdk 64/imt_sdk_win_64/winarm/armgcc/bin/../lib/gcc/arm-none-eabi/7.2.1/../../../../arm-none-eabi/lib/thumb/v7-m\libg_nano.a(lib_a-nano-reallocr.o)
                0x08001854                _realloc_r
 .text._sbrk_r  0x080018a0       0x20 e:/hampota/courses/embeded/arm sdk 64/imt_sdk_win_64/winarm/armgcc/bin/../lib/gcc/arm-none-eabi/7.2.1/../../../../arm-none-eabi/lib/thumb/v7-m\libg_nano.a(lib_a-sbrkr.o)
                0x080018a0                _sbrk_r
 .text.__malloc_lock
                0x080018c0        0x2 e:/hampota/courses/embeded/arm sdk 64/imt_sdk_win_64/winarm/armgcc/bin/../lib/gcc/arm-none-eabi/7.2.1/../../../../arm-none-eabi/lib/thumb/v7-m\libg_nano.a(lib_a-mlock.o)
                0x080018c0                __malloc_lock
 .text.__malloc_unlock
                0x080018c2        0x2 e:/hampota/courses/embeded/arm sdk 64/imt_sdk_win_64/winarm/armgcc/bin/../lib/gcc/arm-none-eabi/7.2.1/../../../../arm-none-eabi/lib/thumb/v7-m\libg_nano.a(lib_a-mlock.o)
                0x080018c2                __malloc_unlock
 .text._malloc_usable_size_r
                0x080018c4       0x10 e:/hampota/courses/embeded/arm sdk 64/imt_sdk_win_64/winarm/armgcc/bin/../lib/gcc/arm-none-eabi/7.2.1/../../../../arm-none-eabi/lib/thumb/v7-m\libg_nano.a(lib_a-nano-msizer.o)
                0x080018c4                _malloc_usable_size_r
 *(.rodata .rodata.* .constdata .constdata.*)
 .rodata.dumpExceptionStack.str1.4
                0x080018d4      0x11a ./system/src/cortexm/exception_handlers.o
 *fill*         0x080019ee        0x2 
 .rodata.str1.4
                0x080019f0       0x2a ./system/src/cortexm/exception_handlers.o
 *fill*         0x08001a1a        0x2 
 .rodata.main.str1.4
                0x08001a1c       0x24 ./src/main.o
                                 0x21 (size before relaxing)
 .rodata.month_table
                0x08001a40        0xc ./src/main.o
                0x08001a40                month_table
 .rodata._svfprintf_r.str1.1
                0x08001a4c       0x11 e:/hampota/courses/embeded/arm sdk 64/imt_sdk_win_64/winarm/armgcc/bin/../lib/gcc/arm-none-eabi/7.2.1/../../../../arm-none-eabi/lib/thumb/v7-m\libg_nano.a(lib_a-nano-svfprintf.o)
 .rodata._printf_i.str1.1
                0x08001a5d       0x22 e:/hampota/courses/embeded/arm sdk 64/imt_sdk_win_64/winarm/armgcc/bin/../lib/gcc/arm-none-eabi/7.2.1/../../../../arm-none-eabi/lib/thumb/v7-m\libg_nano.a(lib_a-nano-vfprintf_i.o)
 *(vtable)
 *(.eh_frame*)
 *(.glue_7)
 .glue_7        0x08001a7f        0x0 linker stubs
 *(.glue_7t)
 .glue_7t       0x08001a7f        0x0 linker stubs

.vfp11_veneer   0x08001a80        0x0
 .vfp11_veneer  0x08001a80        0x0 linker stubs

.v4_bx          0x08001a80        0x0
 .v4_bx         0x08001a80        0x0 linker stubs

.iplt           0x08001a80        0x0
 .iplt          0x08001a80        0x0 ./system/src/newlib/_exit.o

.rel.dyn        0x08001a80        0x0
 .rel.iplt      0x08001a80        0x0 ./system/src/newlib/_exit.o

.ARM.extab
 *(.ARM.extab* .gnu.linkonce.armextab.*)
                0x08001a80                . = ALIGN (0x4)
                0x08001a80                __exidx_start = .

.ARM.exidx
 *(.ARM.exidx* .gnu.linkonce.armexidx.*)
                0x08001a80                __exidx_end = .
                0x08001a80                . = ALIGN (0x4)
                0x08001a80                _etext = .
                0x08001a80                __etext = .

.data_CCMRAM    0x00000000        0x0 load address 0x08001a80
 FILL mask 0xff
 *(.data.CCMRAM .data.CCMRAM.*)
                0x00000000                . = ALIGN (0x4)
                0x08001a80                _sidata = LOADADDR (.data)

.data           0x20000000       0x94 load address 0x08001a80
 FILL mask 0xff
                0x20000000                _sdata = .
                0x20000000                __data_start__ = .
 *(.data_begin .data_begin.*)
 .data_begin    0x20000000        0x4 ./system/src/newlib/_startup.o
 *(.data .data.*)
 .data.argv.4310
                0x20000004        0x8 ./system/src/newlib/_syscalls.o
 .data.AHBPrescTable
                0x2000000c       0x10 ./system/src/cmsis/system_stm32f10x.o
                0x2000000c                AHBPrescTable
 .data.SystemCoreClock
                0x2000001c        0x4 ./system/src/cmsis/system_stm32f10x.o
                0x2000001c                SystemCoreClock
 .data.RTS_Access_Key
                0x20000020        0x2 ./src/main.o
                0x20000020                RTS_Access_Key
 .data.cal_date
                0x20000022        0x1 ./src/main.o
                0x20000022                cal_date
 .data.cal_hour
                0x20000023        0x1 ./src/main.o
                0x20000023                cal_hour
 .data.cal_minute
                0x20000024        0x1 ./src/main.o
                0x20000024                cal_minute
 .data.cal_month
                0x20000025        0x1 ./src/main.o
                0x20000025                cal_month
 .data.cal_second
                0x20000026        0x1 ./src/main.o
                0x20000026                cal_second
 *fill*         0x20000027        0x1 ff
 .data.cal_year
                0x20000028        0x2 ./src/main.o
                0x20000028                cal_year
 .data.update_time
                0x2000002a        0x1 ./src/main.o
                0x2000002a                update_time
 *fill*         0x2000002b        0x1 ff
 .data._impure_ptr
                0x2000002c        0x4 e:/hampota/courses/embeded/arm sdk 64/imt_sdk_win_64/winarm/armgcc/bin/../lib/gcc/arm-none-eabi/7.2.1/../../../../arm-none-eabi/lib/thumb/v7-m\libg_nano.a(lib_a-impure.o)
                0x2000002c                _impure_ptr
 .data.impure_data
                0x20000030       0x60 e:/hampota/courses/embeded/arm sdk 64/imt_sdk_win_64/winarm/armgcc/bin/../lib/gcc/arm-none-eabi/7.2.1/../../../../arm-none-eabi/lib/thumb/v7-m\libg_nano.a(lib_a-impure.o)
 *(.data_end .data_end.*)
 .data_end      0x20000090        0x4 ./system/src/newlib/_startup.o
                0x20000094                . = ALIGN (0x4)
                0x20000094                _edata = .
                0x20000094                __data_end__ = .

.igot.plt       0x20000094        0x0 load address 0x08001b14
 .igot.plt      0x20000094        0x0 ./system/src/newlib/_exit.o

.bss_CCMRAM     0x00000000        0x0
 *(.bss.CCMRAM .bss.CCMRAM.*)

.bss            0x20000094       0xa8
                0x20000094                __bss_start__ = .
                0x20000094                _sbss = .
 *(.bss_begin .bss_begin.*)
 .bss_begin     0x20000094        0x4 ./system/src/newlib/_startup.o
 *(.bss .bss.*)
 .bss.current_heap_end.3961
                0x20000098        0x4 ./system/src/newlib/_sbrk.o
 .bss.name.4309
                0x2000009c        0x1 ./system/src/newlib/_syscalls.o
 *fill*         0x2000009d        0x3 
 .bss.buf.5205  0x200000a0       0x80 ./system/src/diag/Trace.o
 .bss.day_count.3819
                0x20000120        0x2 ./src/main.o
 *fill*         0x20000122        0x2 
 .bss.__malloc_free_list
                0x20000124        0x4 e:/hampota/courses/embeded/arm sdk 64/imt_sdk_win_64/winarm/armgcc/bin/../lib/gcc/arm-none-eabi/7.2.1/../../../../arm-none-eabi/lib/thumb/v7-m\libg_nano.a(lib_a-nano-mallocr.o)
                0x20000124                __malloc_free_list
 .bss.__malloc_sbrk_start
                0x20000128        0x4 e:/hampota/courses/embeded/arm sdk 64/imt_sdk_win_64/winarm/armgcc/bin/../lib/gcc/arm-none-eabi/7.2.1/../../../../arm-none-eabi/lib/thumb/v7-m\libg_nano.a(lib_a-nano-mallocr.o)
                0x20000128                __malloc_sbrk_start
 *(COMMON)
 COMMON         0x2000012c        0x4 ./system/src/newlib/_syscalls.o
                0x2000012c                errno
 COMMON         0x20000130        0x8 ./src/main.o
                0x20000130                RTC_error
                0x20000134                g_counts
 *(.bss_end .bss_end.*)
 .bss_end       0x20000138        0x4 ./system/src/newlib/_startup.o
                0x2000013c                . = ALIGN (0x4)
                0x2000013c                __bss_end__ = .
                0x2000013c                _ebss = .

.noinit_CCMRAM
 *(.noinit.CCMRAM .noinit.CCMRAM.*)

.noinit         0x2000013c        0x0
                0x2000013c                _noinit = .
 *(.noinit .noinit.*)
                0x2000013c                . = ALIGN (0x4)
                0x2000013c                _end_noinit = .
                [!provide]                PROVIDE (end, _end_noinit)
                [!provide]                PROVIDE (_end, _end_noinit)
                [!provide]                PROVIDE (__end, _end_noinit)
                [!provide]                PROVIDE (__end__, _end_noinit)

._check_stack   0x2000013c      0x100
                0x2000023c                . = (. + _Minimum_Stack_Size)
 *fill*         0x2000013c      0x100 

.b1text
 *(.b1text)
 *(.b1rodata)
 *(.b1rodata.*)

.eb0text
 *(.eb0text)
 *(.eb0rodata)
 *(.eb0rodata.*)

.eb1text
 *(.eb1text)
 *(.eb1rodata)
 *(.eb1rodata.*)

.eb2text
 *(.eb2text)
 *(.eb2rodata)
 *(.eb2rodata.*)

.eb3text
 *(.eb3text)
 *(.eb3rodata)
 *(.eb3rodata.*)

.stab
 *(.stab)

.stabstr
 *(.stabstr)

.stab.excl
 *(.stab.excl)

.stab.exclstr
 *(.stab.exclstr)

.stab.index
 *(.stab.index)

.stab.indexstr
 *(.stab.indexstr)

.comment        0x00000000       0x7e
 *(.comment)
 .comment       0x00000000       0x7e ./system/src/newlib/_exit.o
                                 0x7f (size before relaxing)
 .comment       0x0000007e       0x7f ./system/src/newlib/_sbrk.o
 .comment       0x0000007e       0x7f ./system/src/newlib/_startup.o
 .comment       0x0000007e       0x7f ./system/src/newlib/_syscalls.o
 .comment       0x0000007e       0x7f ./system/src/diag/Trace.o
 .comment       0x0000007e       0x7f ./system/src/diag/trace_impl.o
 .comment       0x0000007e       0x7f ./system/src/cortexm/_initialize_hardware.o
 .comment       0x0000007e       0x7f ./system/src/cortexm/exception_handlers.o
 .comment       0x0000007e       0x7f ./system/src/cmsis/system_stm32f10x.o
 .comment       0x0000007e       0x7f ./system/src/cmsis/vectors_stm32f10x.o
 .comment       0x0000007e       0x7f ./src/HLCD_program.o
 .comment       0x0000007e       0x7f ./src/MBACKUP_Registers_program.o
 .comment       0x0000007e       0x7f ./src/MDIO_program.o
 .comment       0x0000007e       0x7f ./src/MNVK_program.o
 .comment       0x0000007e       0x7f ./src/MPOWER_CONTROL_PROGRAM.o
 .comment       0x0000007e       0x7f ./src/MRCC_program.o
 .comment       0x0000007e       0x7f ./src/MRTC_PROGRAM.o
 .comment       0x0000007e       0x7f ./src/main.o

.ARM.attributes
                0x00000000       0x31
 .ARM.attributes
                0x00000000       0x33 ./system/src/newlib/_exit.o
 .ARM.attributes
                0x00000033       0x33 ./system/src/newlib/_sbrk.o
 .ARM.attributes
                0x00000066       0x33 ./system/src/newlib/_startup.o
 .ARM.attributes
                0x00000099       0x33 ./system/src/newlib/_syscalls.o
 .ARM.attributes
                0x000000cc       0x33 ./system/src/diag/Trace.o
 .ARM.attributes
                0x000000ff       0x33 ./system/src/diag/trace_impl.o
 .ARM.attributes
                0x00000132       0x33 ./system/src/cortexm/_initialize_hardware.o
 .ARM.attributes
                0x00000165       0x33 ./system/src/cortexm/exception_handlers.o
 .ARM.attributes
                0x00000198       0x33 ./system/src/cmsis/system_stm32f10x.o
 .ARM.attributes
                0x000001cb       0x33 ./system/src/cmsis/vectors_stm32f10x.o
 .ARM.attributes
                0x000001fe       0x33 ./src/HLCD_program.o
 .ARM.attributes
                0x00000231       0x33 ./src/MBACKUP_Registers_program.o
 .ARM.attributes
                0x00000264       0x33 ./src/MDIO_program.o
 .ARM.attributes
                0x00000297       0x33 ./src/MNVK_program.o
 .ARM.attributes
                0x000002ca       0x33 ./src/MPOWER_CONTROL_PROGRAM.o
 .ARM.attributes
                0x000002fd       0x33 ./src/MRCC_program.o
 .ARM.attributes
                0x00000330       0x33 ./src/MRTC_PROGRAM.o
 .ARM.attributes
                0x00000363       0x33 ./src/main.o
 .ARM.attributes
                0x00000396       0x2d e:/hampota/courses/embeded/arm sdk 64/imt_sdk_win_64/winarm/armgcc/bin/../lib/gcc/arm-none-eabi/7.2.1/../../../../arm-none-eabi/lib/thumb/v7-m\libg_nano.a(lib_a-errno.o)
 .ARM.attributes
                0x000003c3       0x2d e:/hampota/courses/embeded/arm sdk 64/imt_sdk_win_64/winarm/armgcc/bin/../lib/gcc/arm-none-eabi/7.2.1/../../../../arm-none-eabi/lib/thumb/v7-m\libg_nano.a(lib_a-impure.o)
 .ARM.attributes
                0x000003f0       0x2d e:/hampota/courses/embeded/arm sdk 64/imt_sdk_win_64/winarm/armgcc/bin/../lib/gcc/arm-none-eabi/7.2.1/../../../../arm-none-eabi/lib/thumb/v7-m\libg_nano.a(lib_a-vsnprintf.o)
 .ARM.attributes
                0x0000041d       0x2d e:/hampota/courses/embeded/arm sdk 64/imt_sdk_win_64/winarm/armgcc/bin/../lib/gcc/arm-none-eabi/7.2.1/../../../../arm-none-eabi/lib/thumb/v7-m\libg_nano.a(lib_a-nano-svfprintf.o)
 .ARM.attributes
                0x0000044a       0x2d e:/hampota/courses/embeded/arm sdk 64/imt_sdk_win_64/winarm/armgcc/bin/../lib/gcc/arm-none-eabi/7.2.1/../../../../arm-none-eabi/lib/thumb/v7-m\libg_nano.a(lib_a-nano-vfprintf_i.o)
 .ARM.attributes
                0x00000477       0x2d e:/hampota/courses/embeded/arm sdk 64/imt_sdk_win_64/winarm/armgcc/bin/../lib/gcc/arm-none-eabi/7.2.1/../../../../arm-none-eabi/lib/thumb/v7-m\libg_nano.a(lib_a-memchr-stub.o)
 .ARM.attributes
                0x000004a4       0x2d e:/hampota/courses/embeded/arm sdk 64/imt_sdk_win_64/winarm/armgcc/bin/../lib/gcc/arm-none-eabi/7.2.1/../../../../arm-none-eabi/lib/thumb/v7-m\libg_nano.a(lib_a-memcpy-stub.o)
 .ARM.attributes
                0x000004d1       0x2d e:/hampota/courses/embeded/arm sdk 64/imt_sdk_win_64/winarm/armgcc/bin/../lib/gcc/arm-none-eabi/7.2.1/../../../../arm-none-eabi/lib/thumb/v7-m\libg_nano.a(lib_a-memmove.o)
 .ARM.attributes
                0x000004fe       0x2d e:/hampota/courses/embeded/arm sdk 64/imt_sdk_win_64/winarm/armgcc/bin/../lib/gcc/arm-none-eabi/7.2.1/../../../../arm-none-eabi/lib/thumb/v7-m\libg_nano.a(lib_a-nano-freer.o)
 .ARM.attributes
                0x0000052b       0x2d e:/hampota/courses/embeded/arm sdk 64/imt_sdk_win_64/winarm/armgcc/bin/../lib/gcc/arm-none-eabi/7.2.1/../../../../arm-none-eabi/lib/thumb/v7-m\libg_nano.a(lib_a-nano-mallocr.o)
 .ARM.attributes
                0x00000558       0x2d e:/hampota/courses/embeded/arm sdk 64/imt_sdk_win_64/winarm/armgcc/bin/../lib/gcc/arm-none-eabi/7.2.1/../../../../arm-none-eabi/lib/thumb/v7-m\libg_nano.a(lib_a-nano-reallocr.o)
 .ARM.attributes
                0x00000585       0x2d e:/hampota/courses/embeded/arm sdk 64/imt_sdk_win_64/winarm/armgcc/bin/../lib/gcc/arm-none-eabi/7.2.1/../../../../arm-none-eabi/lib/thumb/v7-m\libg_nano.a(lib_a-sbrkr.o)
 .ARM.attributes
                0x000005b2       0x2d e:/hampota/courses/embeded/arm sdk 64/imt_sdk_win_64/winarm/armgcc/bin/../lib/gcc/arm-none-eabi/7.2.1/../../../../arm-none-eabi/lib/thumb/v7-m\libg_nano.a(lib_a-mlock.o)
 .ARM.attributes
                0x000005df       0x2d e:/hampota/courses/embeded/arm sdk 64/imt_sdk_win_64/winarm/armgcc/bin/../lib/gcc/arm-none-eabi/7.2.1/../../../../arm-none-eabi/lib/thumb/v7-m\libg_nano.a(lib_a-nano-msizer.o)

.debug
 *(.debug)

.line
 *(.line)

.debug_srcinfo
 *(.debug_srcinfo)

.debug_sfnames
 *(.debug_sfnames)

.debug_aranges  0x00000000      0x4a0
 *(.debug_aranges)
 .debug_aranges
                0x00000000       0x28 ./system/src/newlib/_exit.o
 .debug_aranges
                0x00000028       0x20 ./system/src/newlib/_sbrk.o
 .debug_aranges
                0x00000048       0x40 ./system/src/newlib/_startup.o
 .debug_aranges
                0x00000088       0x30 ./system/src/newlib/_syscalls.o
 .debug_aranges
                0x000000b8       0x38 ./system/src/diag/Trace.o
 .debug_aranges
                0x000000f0       0x30 ./system/src/diag/trace_impl.o
 .debug_aranges
                0x00000120       0x28 ./system/src/cortexm/_initialize_hardware.o
 .debug_aranges
                0x00000148       0x90 ./system/src/cortexm/exception_handlers.o
 .debug_aranges
                0x000001d8       0x38 ./system/src/cmsis/system_stm32f10x.o
 .debug_aranges
                0x00000210       0x20 ./system/src/cmsis/vectors_stm32f10x.o
 .debug_aranges
                0x00000230       0x80 ./src/HLCD_program.o
 .debug_aranges
                0x000002b0       0x28 ./src/MBACKUP_Registers_program.o
 .debug_aranges
                0x000002d8       0x40 ./src/MDIO_program.o
 .debug_aranges
                0x00000318       0x40 ./src/MNVK_program.o
 .debug_aranges
                0x00000358       0x28 ./src/MPOWER_CONTROL_PROGRAM.o
 .debug_aranges
                0x00000380       0x58 ./src/MRCC_program.o
 .debug_aranges
                0x000003d8       0x78 ./src/MRTC_PROGRAM.o
 .debug_aranges
                0x00000450       0x50 ./src/main.o

.debug_pubnames
 *(.debug_pubnames)

.debug_info     0x00000000     0x5f92
 *(.debug_info .gnu.linkonce.wi.*)
 .debug_info    0x00000000      0x956 ./system/src/newlib/_exit.o
 .debug_info    0x00000956      0x942 ./system/src/newlib/_sbrk.o
 .debug_info    0x00001298      0x42e ./system/src/newlib/_startup.o
 .debug_info    0x000016c6      0xa19 ./system/src/newlib/_syscalls.o
 .debug_info    0x000020df      0xb2a ./system/src/diag/Trace.o
 .debug_info    0x00002c09      0x363 ./system/src/diag/trace_impl.o
 .debug_info    0x00002f6c      0x2b5 ./system/src/cortexm/_initialize_hardware.o
 .debug_info    0x00003221     0x1140 ./system/src/cortexm/exception_handlers.o
 .debug_info    0x00004361      0x494 ./system/src/cmsis/system_stm32f10x.o
 .debug_info    0x000047f5       0xca ./system/src/cmsis/vectors_stm32f10x.o
 .debug_info    0x000048bf      0x426 ./src/HLCD_program.o
 .debug_info    0x00004ce5       0xdd ./src/MBACKUP_Registers_program.o
 .debug_info    0x00004dc2      0x1d7 ./src/MDIO_program.o
 .debug_info    0x00004f99      0x189 ./src/MNVK_program.o
 .debug_info    0x00005122       0xc0 ./src/MPOWER_CONTROL_PROGRAM.o
 .debug_info    0x000051e2      0x1f9 ./src/MRCC_program.o
 .debug_info    0x000053db      0x2a5 ./src/MRTC_PROGRAM.o
 .debug_info    0x00005680      0x912 ./src/main.o

.debug_abbrev   0x00000000     0x19aa
 *(.debug_abbrev)
 .debug_abbrev  0x00000000      0x1f3 ./system/src/newlib/_exit.o
 .debug_abbrev  0x000001f3      0x1fc ./system/src/newlib/_sbrk.o
 .debug_abbrev  0x000003ef      0x1b3 ./system/src/newlib/_startup.o
 .debug_abbrev  0x000005a2      0x234 ./system/src/newlib/_syscalls.o
 .debug_abbrev  0x000007d6      0x276 ./system/src/diag/Trace.o
 .debug_abbrev  0x00000a4c      0x1e2 ./system/src/diag/trace_impl.o
 .debug_abbrev  0x00000c2e       0xea ./system/src/cortexm/_initialize_hardware.o
 .debug_abbrev  0x00000d18      0x32b ./system/src/cortexm/exception_handlers.o
 .debug_abbrev  0x00001043      0x177 ./system/src/cmsis/system_stm32f10x.o
 .debug_abbrev  0x000011ba       0x9d ./system/src/cmsis/vectors_stm32f10x.o
 .debug_abbrev  0x00001257       0xed ./src/HLCD_program.o
 .debug_abbrev  0x00001344       0xa0 ./src/MBACKUP_Registers_program.o
 .debug_abbrev  0x000013e4       0xcd ./src/MDIO_program.o
 .debug_abbrev  0x000014b1       0xd9 ./src/MNVK_program.o
 .debug_abbrev  0x0000158a       0x77 ./src/MPOWER_CONTROL_PROGRAM.o
 .debug_abbrev  0x00001601       0xe7 ./src/MRCC_program.o
 .debug_abbrev  0x000016e8      0x133 ./src/MRTC_PROGRAM.o
 .debug_abbrev  0x0000181b      0x18f ./src/main.o

.debug_line     0x00000000     0x32fd
 *(.debug_line)
 .debug_line    0x00000000      0x383 ./system/src/newlib/_exit.o
 .debug_line    0x00000383      0x337 ./system/src/newlib/_sbrk.o
 .debug_line    0x000006ba      0x3f1 ./system/src/newlib/_startup.o
 .debug_line    0x00000aab      0x45a ./system/src/newlib/_syscalls.o
 .debug_line    0x00000f05      0x3ff ./system/src/diag/Trace.o
 .debug_line    0x00001304      0x66c ./system/src/diag/trace_impl.o
 .debug_line    0x00001970      0x381 ./system/src/cortexm/_initialize_hardware.o
 .debug_line    0x00001cf1      0x72e ./system/src/cortexm/exception_handlers.o
 .debug_line    0x0000241f      0x3f4 ./system/src/cmsis/system_stm32f10x.o
 .debug_line    0x00002813      0x10d ./system/src/cmsis/vectors_stm32f10x.o
 .debug_line    0x00002920      0x18e ./src/HLCD_program.o
 .debug_line    0x00002aae       0xbe ./src/MBACKUP_Registers_program.o
 .debug_line    0x00002b6c       0xf2 ./src/MDIO_program.o
 .debug_line    0x00002c5e       0xe0 ./src/MNVK_program.o
 .debug_line    0x00002d3e       0xb5 ./src/MPOWER_CONTROL_PROGRAM.o
 .debug_line    0x00002df3      0x11a ./src/MRCC_program.o
 .debug_line    0x00002f0d      0x168 ./src/MRTC_PROGRAM.o
 .debug_line    0x00003075      0x288 ./src/main.o

.debug_frame    0x00000000      0xbd0
 *(.debug_frame)
 .debug_frame   0x00000000       0x38 ./system/src/newlib/_exit.o
 .debug_frame   0x00000038       0x28 ./system/src/newlib/_sbrk.o
 .debug_frame   0x00000060       0x7c ./system/src/newlib/_startup.o
 .debug_frame   0x000000dc       0x50 ./system/src/newlib/_syscalls.o
 .debug_frame   0x0000012c       0x94 ./system/src/diag/Trace.o
 .debug_frame   0x000001c0       0x64 ./system/src/diag/trace_impl.o
 .debug_frame   0x00000224       0x40 ./system/src/cortexm/_initialize_hardware.o
 .debug_frame   0x00000264      0x158 ./system/src/cortexm/exception_handlers.o
 .debug_frame   0x000003bc       0x6c ./system/src/cmsis/system_stm32f10x.o
 .debug_frame   0x00000428       0x20 ./system/src/cmsis/vectors_stm32f10x.o
 .debug_frame   0x00000448      0x14c ./src/HLCD_program.o
 .debug_frame   0x00000594       0x30 ./src/MBACKUP_Registers_program.o
 .debug_frame   0x000005c4       0x60 ./src/MDIO_program.o
 .debug_frame   0x00000624       0x60 ./src/MNVK_program.o
 .debug_frame   0x00000684       0x30 ./src/MPOWER_CONTROL_PROGRAM.o
 .debug_frame   0x000006b4       0x90 ./src/MRCC_program.o
 .debug_frame   0x00000744       0xd0 ./src/MRTC_PROGRAM.o
 .debug_frame   0x00000814       0xcc ./src/main.o
 .debug_frame   0x000008e0       0x20 e:/hampota/courses/embeded/arm sdk 64/imt_sdk_win_64/winarm/armgcc/bin/../lib/gcc/arm-none-eabi/7.2.1/../../../../arm-none-eabi/lib/thumb/v7-m\libg_nano.a(lib_a-errno.o)
 .debug_frame   0x00000900       0x4c e:/hampota/courses/embeded/arm sdk 64/imt_sdk_win_64/winarm/armgcc/bin/../lib/gcc/arm-none-eabi/7.2.1/../../../../arm-none-eabi/lib/thumb/v7-m\libg_nano.a(lib_a-vsnprintf.o)
 .debug_frame   0x0000094c       0x90 e:/hampota/courses/embeded/arm sdk 64/imt_sdk_win_64/winarm/armgcc/bin/../lib/gcc/arm-none-eabi/7.2.1/../../../../arm-none-eabi/lib/thumb/v7-m\libg_nano.a(lib_a-nano-svfprintf.o)
 .debug_frame   0x000009dc       0x60 e:/hampota/courses/embeded/arm sdk 64/imt_sdk_win_64/winarm/armgcc/bin/../lib/gcc/arm-none-eabi/7.2.1/../../../../arm-none-eabi/lib/thumb/v7-m\libg_nano.a(lib_a-nano-vfprintf_i.o)
 .debug_frame   0x00000a3c       0x28 e:/hampota/courses/embeded/arm sdk 64/imt_sdk_win_64/winarm/armgcc/bin/../lib/gcc/arm-none-eabi/7.2.1/../../../../arm-none-eabi/lib/thumb/v7-m\libg_nano.a(lib_a-memchr-stub.o)
 .debug_frame   0x00000a64       0x28 e:/hampota/courses/embeded/arm sdk 64/imt_sdk_win_64/winarm/armgcc/bin/../lib/gcc/arm-none-eabi/7.2.1/../../../../arm-none-eabi/lib/thumb/v7-m\libg_nano.a(lib_a-memcpy-stub.o)
 .debug_frame   0x00000a8c       0x28 e:/hampota/courses/embeded/arm sdk 64/imt_sdk_win_64/winarm/armgcc/bin/../lib/gcc/arm-none-eabi/7.2.1/../../../../arm-none-eabi/lib/thumb/v7-m\libg_nano.a(lib_a-memmove.o)
 .debug_frame   0x00000ab4       0x38 e:/hampota/courses/embeded/arm sdk 64/imt_sdk_win_64/winarm/armgcc/bin/../lib/gcc/arm-none-eabi/7.2.1/../../../../arm-none-eabi/lib/thumb/v7-m\libg_nano.a(lib_a-nano-freer.o)
 .debug_frame   0x00000aec       0x2c e:/hampota/courses/embeded/arm sdk 64/imt_sdk_win_64/winarm/armgcc/bin/../lib/gcc/arm-none-eabi/7.2.1/../../../../arm-none-eabi/lib/thumb/v7-m\libg_nano.a(lib_a-nano-mallocr.o)
 .debug_frame   0x00000b18       0x3c e:/hampota/courses/embeded/arm sdk 64/imt_sdk_win_64/winarm/armgcc/bin/../lib/gcc/arm-none-eabi/7.2.1/../../../../arm-none-eabi/lib/thumb/v7-m\libg_nano.a(lib_a-nano-reallocr.o)
 .debug_frame   0x00000b54       0x2c e:/hampota/courses/embeded/arm sdk 64/imt_sdk_win_64/winarm/armgcc/bin/../lib/gcc/arm-none-eabi/7.2.1/../../../../arm-none-eabi/lib/thumb/v7-m\libg_nano.a(lib_a-sbrkr.o)
 .debug_frame   0x00000b80       0x30 e:/hampota/courses/embeded/arm sdk 64/imt_sdk_win_64/winarm/armgcc/bin/../lib/gcc/arm-none-eabi/7.2.1/../../../../arm-none-eabi/lib/thumb/v7-m\libg_nano.a(lib_a-mlock.o)
 .debug_frame   0x00000bb0       0x20 e:/hampota/courses/embeded/arm sdk 64/imt_sdk_win_64/winarm/armgcc/bin/../lib/gcc/arm-none-eabi/7.2.1/../../../../arm-none-eabi/lib/thumb/v7-m\libg_nano.a(lib_a-nano-msizer.o)

.debug_str      0x00000000    0x56709
 *(.debug_str)
 .debug_str     0x00000000     0x7cfc ./system/src/newlib/_exit.o
                               0x7ecf (size before relaxing)
 .debug_str     0x00007cfc      0x4f5 ./system/src/newlib/_sbrk.o
                               0x7281 (size before relaxing)
 .debug_str     0x000081f1      0xbbd ./system/src/newlib/_startup.o
                               0x69bc (size before relaxing)
 .debug_str     0x00008dae      0xe8b ./system/src/newlib/_syscalls.o
                               0x815c (size before relaxing)
 .debug_str     0x00009c39      0x826 ./system/src/diag/Trace.o
                               0x8647 (size before relaxing)
 .debug_str     0x0000a45f    0x4b2b9 ./system/src/diag/trace_impl.o
                              0x52a2d (size before relaxing)
 .debug_str     0x00055718       0xc4 ./system/src/cortexm/_initialize_hardware.o
                              0x4e81e (size before relaxing)
 .debug_str     0x000557dc      0x1a6 ./system/src/cortexm/exception_handlers.o
                              0x53c52 (size before relaxing)
 .debug_str     0x00055982      0x114 ./system/src/cmsis/system_stm32f10x.o
                              0x4e8b8 (size before relaxing)
 .debug_str     0x00055a96       0x57 ./system/src/cmsis/vectors_stm32f10x.o
                               0x385d (size before relaxing)
 .debug_str     0x00055aed      0x240 ./src/HLCD_program.o
                               0x2fa7 (size before relaxing)
 .debug_str     0x00055d2d       0xe2 ./src/MBACKUP_Registers_program.o
                               0x2e5e (size before relaxing)
 .debug_str     0x00055e0f       0xd7 ./src/MDIO_program.o
                               0x2eea (size before relaxing)
 .debug_str     0x00055ee6      0x102 ./src/MNVK_program.o
                               0x2e86 (size before relaxing)
 .debug_str     0x00055fe8       0xfe ./src/MPOWER_CONTROL_PROGRAM.o
                               0x2e75 (size before relaxing)
 .debug_str     0x000560e6      0x29c ./src/MRCC_program.o
                               0x304c (size before relaxing)
 .debug_str     0x00056382      0x28b ./src/MRTC_PROGRAM.o
                               0x3013 (size before relaxing)
 .debug_str     0x0005660d       0xfc ./src/main.o
                               0x346c (size before relaxing)

.debug_loc      0x00000000     0x1258
 *(.debug_loc)
 .debug_loc     0x00000000       0x85 ./system/src/newlib/_sbrk.o
 .debug_loc     0x00000085      0x1a9 ./system/src/newlib/_startup.o
 .debug_loc     0x0000022e       0x63 ./system/src/newlib/_syscalls.o
 .debug_loc     0x00000291       0xf6 ./system/src/diag/Trace.o
 .debug_loc     0x00000387      0x121 ./system/src/diag/trace_impl.o
 .debug_loc     0x000004a8      0x291 ./system/src/cortexm/exception_handlers.o
 .debug_loc     0x00000739       0xdf ./system/src/cmsis/system_stm32f10x.o
 .debug_loc     0x00000818      0x185 ./src/HLCD_program.o
 .debug_loc     0x0000099d      0x2fd ./src/MDIO_program.o
 .debug_loc     0x00000c9a      0x114 ./src/MNVK_program.o
 .debug_loc     0x00000dae       0xd8 ./src/MRCC_program.o
 .debug_loc     0x00000e86       0x78 ./src/MRTC_PROGRAM.o
 .debug_loc     0x00000efe      0x35a ./src/main.o

.debug_macinfo
 *(.debug_macinfo)

.debug_weaknames
 *(.debug_weaknames)

.debug_funcnames
 *(.debug_funcnames)

.debug_typenames
 *(.debug_typenames)

.debug_varnames
 *(.debug_varnames)
OUTPUT(MRTC.elf elf32-littlearm)

.debug_ranges   0x00000000      0x410
 .debug_ranges  0x00000000       0x18 ./system/src/newlib/_exit.o
 .debug_ranges  0x00000018       0x10 ./system/src/newlib/_sbrk.o
 .debug_ranges  0x00000028       0x78 ./system/src/newlib/_startup.o
 .debug_ranges  0x000000a0       0x20 ./system/src/newlib/_syscalls.o
 .debug_ranges  0x000000c0       0x28 ./system/src/diag/Trace.o
 .debug_ranges  0x000000e8       0x50 ./system/src/diag/trace_impl.o
 .debug_ranges  0x00000138       0x18 ./system/src/cortexm/_initialize_hardware.o
 .debug_ranges  0x00000150       0x80 ./system/src/cortexm/exception_handlers.o
 .debug_ranges  0x000001d0       0x28 ./system/src/cmsis/system_stm32f10x.o
 .debug_ranges  0x000001f8       0x10 ./system/src/cmsis/vectors_stm32f10x.o
 .debug_ranges  0x00000208       0x88 ./src/HLCD_program.o
 .debug_ranges  0x00000290       0x18 ./src/MBACKUP_Registers_program.o
 .debug_ranges  0x000002a8       0x30 ./src/MDIO_program.o
 .debug_ranges  0x000002d8       0x30 ./src/MNVK_program.o
 .debug_ranges  0x00000308       0x18 ./src/MPOWER_CONTROL_PROGRAM.o
 .debug_ranges  0x00000320       0x48 ./src/MRCC_program.o
 .debug_ranges  0x00000368       0x68 ./src/MRTC_PROGRAM.o
 .debug_ranges  0x000003d0       0x40 ./src/main.o

.debug_macro    0x00000000     0x28f2
 .debug_macro   0x00000000      0x1b4 ./system/src/newlib/_exit.o
 .debug_macro   0x000001b4       0x9c ./system/src/newlib/_exit.o
 .debug_macro   0x00000250      0x10e ./system/src/newlib/_exit.o
 .debug_macro   0x0000035e       0x8d ./system/src/newlib/_exit.o
 .debug_macro   0x000003eb       0x43 ./system/src/newlib/_exit.o
 .debug_macro   0x0000042e      0x330 ./system/src/newlib/_exit.o
 .debug_macro   0x0000075e       0x35 ./system/src/newlib/_exit.o
 .debug_macro   0x00000793      0x169 ./system/src/newlib/_sbrk.o
 .debug_macro   0x000008fc      0x174 ./system/src/newlib/_sbrk.o
 .debug_macro   0x00000a70       0x10 ./system/src/newlib/_sbrk.o
 .debug_macro   0x00000a80      0x23b ./system/src/newlib/_sbrk.o
 .debug_macro   0x00000cbb      0x173 ./system/src/newlib/_startup.o
 .debug_macro   0x00000e2e      0x217 ./system/src/newlib/_syscalls.o
 .debug_macro   0x00001045       0x1c ./system/src/newlib/_syscalls.o
 .debug_macro   0x00001061       0x10 ./system/src/newlib/_syscalls.o
 .debug_macro   0x00001071       0x10 ./system/src/newlib/_syscalls.o
 .debug_macro   0x00001081       0x10 ./system/src/newlib/_syscalls.o
 .debug_macro   0x00001091       0x35 ./system/src/newlib/_syscalls.o
 .debug_macro   0x000010c6      0x122 ./system/src/newlib/_syscalls.o
 .debug_macro   0x000011e8       0x88 ./system/src/newlib/_syscalls.o
 .debug_macro   0x00001270       0x2b ./system/src/newlib/_syscalls.o
 .debug_macro   0x0000129b      0x118 ./system/src/newlib/_syscalls.o
 .debug_macro   0x000013b3      0x189 ./system/src/newlib/_syscalls.o
 .debug_macro   0x0000153c       0x16 ./system/src/newlib/_syscalls.o
 .debug_macro   0x00001552      0x1fb ./system/src/diag/Trace.o
 .debug_macro   0x0000174d       0x16 ./system/src/diag/Trace.o
 .debug_macro   0x00001763       0x97 ./system/src/diag/Trace.o
 .debug_macro   0x000017fa       0xfd ./system/src/diag/Trace.o
 .debug_macro   0x000018f7       0x10 ./system/src/diag/Trace.o
 .debug_macro   0x00001907       0x16 ./system/src/diag/Trace.o
 .debug_macro   0x0000191d      0x16f ./system/src/diag/Trace.o
 .debug_macro   0x00001a8c       0x4c ./system/src/diag/Trace.o
 .debug_macro   0x00001ad8       0x16 ./system/src/diag/Trace.o
 .debug_macro   0x00001aee      0x2da ./system/src/diag/trace_impl.o
 .debug_macro   0x00001dc8       0x10 ./system/src/diag/trace_impl.o
 .debug_macro   0x00001dd8       0xcf ./system/src/diag/trace_impl.o
 .debug_macro   0x00001ea7       0xbe ./system/src/diag/trace_impl.o
 .debug_macro   0x00001f65       0x22 ./system/src/diag/trace_impl.o
 .debug_macro   0x00001f87      0x16b ./system/src/cortexm/_initialize_hardware.o
 .debug_macro   0x000020f2      0x324 ./system/src/cortexm/exception_handlers.o
 .debug_macro   0x00002416       0x3b ./system/src/cortexm/exception_handlers.o
 .debug_macro   0x00002451       0x10 ./system/src/cortexm/exception_handlers.o
 .debug_macro   0x00002461      0x16e ./system/src/cmsis/system_stm32f10x.o
 .debug_macro   0x000025cf       0x34 ./system/src/cmsis/vectors_stm32f10x.o
 .debug_macro   0x00002603       0x2d ./src/HLCD_program.o
 .debug_macro   0x00002630       0x28 ./src/HLCD_program.o
 .debug_macro   0x00002658       0x28 ./src/HLCD_program.o
 .debug_macro   0x00002680       0x2e ./src/MBACKUP_Registers_program.o
 .debug_macro   0x000026ae       0x10 ./src/MBACKUP_Registers_program.o
 .debug_macro   0x000026be       0x2d ./src/MDIO_program.o
 .debug_macro   0x000026eb       0x1c ./src/MDIO_program.o
 .debug_macro   0x00002707       0x2e ./src/MNVK_program.o
 .debug_macro   0x00002735       0x16 ./src/MNVK_program.o
 .debug_macro   0x0000274b       0x2e ./src/MPOWER_CONTROL_PROGRAM.o
 .debug_macro   0x00002779       0x10 ./src/MPOWER_CONTROL_PROGRAM.o
 .debug_macro   0x00002789       0x2d ./src/MRCC_program.o
 .debug_macro   0x000027b6       0x10 ./src/MRCC_program.o
 .debug_macro   0x000027c6       0x70 ./src/MRCC_program.o
 .debug_macro   0x00002836       0x2d ./src/MRTC_PROGRAM.o
 .debug_macro   0x00002863       0x22 ./src/MRTC_PROGRAM.o
 .debug_macro   0x00002885       0x10 ./src/MRTC_PROGRAM.o
 .debug_macro   0x00002895       0x5d ./src/main.o
